start Wed Sep  2 17:07:17 PDT 2026
env: load .env
env: export EXPO_PUBLIC_SUPABASE_ANON_KEY EXPO_PUBLIC_SUPABASE_URL
Running 18 checks on your project...
16/18 checks passed. 2 checks failed. Possible issues detected:
Use the --verbose flag to see more details about passed checks.

✖ Check Expo config (app.json/ app.config.js) schema
Error validating fields in /Users/skypie/AccessMap-deep-audit-20260902/app.json:
 should NOT have additional property 'privacyPolicyUrl'.
Advice:
Resolve schema errors in your app config. Learn more: https://docs.expo.dev/workflow/configuration/

✖ Check that packages match versions required by installed Expo SDK

❗ Major version mismatches
package         expected  found    
typescript      ~5.9.2    6.0.3    

🔧 Patch version mismatches
package         expected  found    
expo            ~54.0.37  54.0.35  
expo-constants  ~18.0.14  18.0.13  
jest-expo       ~54.0.18  54.0.17  

Changelogs:
- expo-constants → https://github.com/expo/expo/blob/sdk-54/packages/expo-constants/CHANGELOG.md

4 packages out of date.
Advice:
Use 'npx expo install --check' to review and upgrade your dependencies.
To ignore specific packages, add them to "expo.install.exclude" in package.json. Learn more: https://expo.fyi/dependency-validation

2 checks failed, indicating possible issues with the project.
exit=1
end Wed Sep  2 17:07:50 PDT 2026
