env: load .env
env: export EXPO_PUBLIC_SUPABASE_URL EXPO_PUBLIC_SUPABASE_ANON_KEY
- Installing CocoaPods...
> pod install
- Installing CocoaPods...
Using Expo modules
[34m[Expo] [0mEnabling modular headers for pod [32mExpoModulesCore[0m
[34m[Expo] [0mEnabling modular headers for pod [32mReact-RCTAppDelegate[0m
[34m[Expo] [0mEnabling modular headers for pod [32mReact-RCTFabric[0m
[34m[Expo] [0mEnabling modular headers for pod [32mReactAppDependencyProvider[0m
[34m[Expo] [0mEnabling modular headers for pod [32mReact-Core[0m
[34m[Expo] [0mEnabling modular headers for pod [32mReactCodegen[0m
[34m[Expo] [0mEnabling modular headers for pod [32mRCTRequired[0m
[34m[Expo] [0mEnabling modular headers for pod [32mRCTTypeSafety[0m
[34m[Expo] [0mEnabling modular headers for pod [32mReactCommon[0m
[34m[Expo] [0mEnabling modular headers for pod [32mReact-NativeModulesApple[0m
[34m[Expo] [0mEnabling modular headers for pod [32mYoga[0m
[34m[Expo] [0mEnabling modular headers for pod [32mReact-Fabric[0m
[34m[Expo] [0mEnabling modular headers for pod [32mReact-graphics[0m
[34m[Expo] [0mEnabling modular headers for pod [32mReact-utils[0m
[34m[Expo] [0mEnabling modular headers for pod [32mReact-featureflags[0m
[34m[Expo] [0mEnabling modular headers for pod [32mReact-debug[0m
[34m[Expo] [0mEnabling modular headers for pod [32mReact-ImageManager[0m
[34m[Expo] [0mEnabling modular headers for pod [32mReact-rendererdebug[0m
[34m[Expo] [0mEnabling modular headers for pod [32mReact-jsi[0m
[34m[Expo] [0mEnabling modular headers for pod [32mReact-renderercss[0m
[34m[Expo] [0mEnabling modular headers for pod [32mhermes-engine[0m
[34m[Expo] [0mEnabling modular headers for pod [32mglog[0m
[34m[Expo] [0mEnabling modular headers for pod [32mboost[0m
[34m[Expo] [0mEnabling modular headers for pod [32mDoubleConversion[0m
[34m[Expo] [0mEnabling modular headers for pod [32mfast_float[0m
[34m[Expo] [0mEnabling modular headers for pod [32mfmt[0m
[34m[Expo] [0mEnabling modular headers for pod [32mRCT-Folly[0m
[34m[Expo] [0mEnabling modular headers for pod [32mSocketRocket[0m
[34m[Expo] [0mEnabling modular headers for pod [32mexpo-dev-menu-interface[0m
[34m[Expo] [0mEnabling modular headers for pod [32mEXManifests[0m
[34m[Expo] [0mEnabling modular headers for pod [32mEXUpdatesInterface[0m
[34m[Expo] [0mEnabling modular headers for pod [32mexpo-dev-menu[0m
[34m[Expo] [0mEnabling modular headers for pod [32mReact-jsinspector[0m
[34m[Expo] [0mEnabling modular headers for pod [32mexpo-dev-launcher[0m
[34m[Expo] [0mEnabling modular headers for pod [32mEXImageLoader[0m
[34m[Expo] [0mEnabling modular headers for pod [32mSDWebImageWebPCoder[0m
Found 7 modules for target `Flagstone`
link_native_modules! {ios_packages: [{configurations: [], name: "@react-native-async-storage/async-storage", root: "/Users/skypie/AccessMap-deep-audit-20260902/node_modules/@react-native-async-storage/async-storage", path: "../node_modules/@react-native-async-storage/async-storage", podspec_path: "/Users/skypie/AccessMap-deep-audit-20260902/node_modules/@react-native-async-storage/async-storage/RNCAsyncStorage.podspec", script_phases: []}, {configurations: [], name: "expo", root: "/Users/skypie/AccessMap-deep-audit-20260902/node_modules/expo", path: "../node_modules/expo", podspec_path: "/Users/skypie/AccessMap-deep-audit-20260902/node_modules/expo/Expo.podspec", script_phases: []}, {configurations: [], name: "react-native-gesture-handler", root: "/Users/skypie/AccessMap-deep-audit-20260902/node_modules/react-native-gesture-handler", path: "../node_modules/react-native-gesture-handler", podspec_path: "/Users/skypie/AccessMap-deep-audit-20260902/node_modules/react-native-gesture-handler/RNGestureHandler.podspec", script_phases: []}, {configurations: [], name: "react-native-maps", root: "/Users/skypie/AccessMap-deep-audit-20260902/node_modules/react-native-maps", path: "../node_modules/react-native-maps", podspec_path: "/Users/skypie/AccessMap-deep-audit-20260902/node_modules/react-native-maps/react-native-maps.podspec", script_phases: []}, {configurations: [], name: "react-native-safe-area-context", root: "/Users/skypie/AccessMap-deep-audit-20260902/node_modules/react-native-safe-area-context", path: "../node_modules/react-native-safe-area-context", podspec_path: "/Users/skypie/AccessMap-deep-audit-20260902/node_modules/react-native-safe-area-context/react-native-safe-area-context.podspec", script_phases: []}, {configurations: [], name: "react-native-screens", root: "/Users/skypie/AccessMap-deep-audit-20260902/node_modules/react-native-screens", path: "../node_modules/react-native-screens", podspec_path: "/Users/skypie/AccessMap-deep-audit-20260902/node_modules/react-native-screens/RNScreens.podspec", script_phases: []}, {configurations: [], name: "react-native-svg", root: "/Users/skypie/AccessMap-deep-audit-20260902/node_modules/react-native-svg", path: "../node_modules/react-native-svg", podspec_path: "/Users/skypie/AccessMap-deep-audit-20260902/node_modules/react-native-svg/RNSVG.podspec", script_phases: []}], ios_project_root_path: "/Users/skypie/AccessMap-deep-audit-20260902/ios", react_native_path: "../node_modules/react-native"}
Auto-linking React Native modules for target `Flagstone`: RNCAsyncStorage, RNGestureHandler, RNSVG, RNScreens, react-native-maps, and react-native-safe-area-context
Framework build type is static library
[32m[ReactNativeDependencies] Setting up ReactNativeDependencies...[0m
[32m[ReactNativeDependencies] Building from source: true[0m
[32m[ReactNativeDependencies] Source: [0m
[32m[ReactNativeCore] Setting up ReactNativeCore...[0m
[32m[ReactNativeCore] Building from source: true[0m
[32m[ReactNativeCore] Source: [0m
Configuring the target with the Legacy Architecture
[36m[1m[Codegen][0m Analyzing /Users/skypie/AccessMap-deep-audit-20260902/package.json[0m
[36m[1m[Codegen][0m [33mSearching for codegen-enabled libraries in the app.[0m
[36m[1m[Codegen][0m [33mThe "codegenConfig" field is not defined in package.json. Assuming there is nothing to generate at the app level.[0m
[36m[1m[Codegen][0m [33mSearching for codegen-enabled libraries in react-native.config.js[0m
[36m[1m[Codegen][0m Found @react-native-async-storage/async-storage[0m
[36m[1m[Codegen][0m Found react-native-gesture-handler[0m
[36m[1m[Codegen][0m Found react-native-safe-area-context[0m
[36m[1m[Codegen][0m Found react-native-screens[0m
[36m[1m[Codegen][0m Found react-native-svg[0m
[36m[1m[Codegen][0m Processing rnasyncstorage[0m
[36m[1m[Codegen][0m [33mSearching for podspec in the project dependencies.[0m
[36m[1m[Codegen][0m Supported Apple platforms: ios, macos, tvos, visionos for rnasyncstorage[0m
[36m[1m[Codegen][0m Processing rngesturehandler_codegen[0m
[36m[1m[Codegen][0m [33mSearching for podspec in the project dependencies.[0m
[36m[1m[Codegen][0m Supported Apple platforms: ios, macos, tvos, visionos for rngesturehandler_codegen[0m
[36m[1m[Codegen][0m Processing safeareacontext[0m
[36m[1m[Codegen][0m [33mSearching for podspec in the project dependencies.[0m
[36m[1m[Codegen][0m Supported Apple platforms: ios, macos, tvos, visionos for safeareacontext[0m
[36m[1m[Codegen][0m Processing rnscreens[0m
[36m[1m[Codegen][0m [33mSearching for podspec in the project dependencies.[0m
[36m[1m[Codegen][0m Supported Apple platforms: ios, tvos, visionos for rnscreens[0m
[36m[1m[Codegen][0m Processing rnsvg[0m
[36m[1m[Codegen][0m [33mSearching for podspec in the project dependencies.[0m
[36m[1m[Codegen][0m Supported Apple platforms: ios, macos, tvos, visionos for rnsvg[0m
[36m[1m[Codegen][0m Generating Native Code for rnasyncstorage - ios[0m
[36m[1m[Codegen][0m Generated artifacts: /Users/skypie/AccessMap-deep-audit-20260902/ios/build/generated/ios[0m
[36m[1m[Codegen][0m Generating Native Code for rngesturehandler_codegen - ios[0m
[36m[1m[Codegen][0m Generated artifacts: /Users/skypie/AccessMap-deep-audit-20260902/ios/build/generated/ios[0m
[36m[1m[Codegen][0m Generating Native Code for safeareacontext - ios[0m
[36m[1m[Codegen][0m Generated artifacts: /Users/skypie/AccessMap-deep-audit-20260902/ios/build/generated/ios[0m
[36m[1m[Codegen][0m Generating Native Code for rnscreens - ios[0m
[36m[1m[Codegen][0m Generated artifacts: /Users/skypie/AccessMap-deep-audit-20260902/ios/build/generated/ios[0m
[36m[1m[Codegen][0m Generating Native Code for rnsvg - ios[0m
[36m[1m[Codegen][0m Generated artifacts: /Users/skypie/AccessMap-deep-audit-20260902/ios/build/generated/ios[0m
[36m[1m[Codegen][0m Generating RCTThirdPartyComponentsProvider.h[0m
[36m[1m[Codegen][0m Generated artifact: /Users/skypie/AccessMap-deep-audit-20260902/ios/build/generated/ios/RCTThirdPartyComponentsProvider.h[0m
[36m[1m[Codegen][0m Generating RCTThirdPartyComponentsProvider.mm[0m
[36m[1m[Codegen][0m Generated artifact: /Users/skypie/AccessMap-deep-audit-20260902/ios/build/generated/ios/RCTThirdPartyComponentsProvider.mm[0m
[36m[1m[Codegen][0m Generating RCTModulesProvider.h[0m
[36m[1m[Codegen][0m Generated artifact: /Users/skypie/AccessMap-deep-audit-20260902/ios/build/generated/ios/RCTModuleProviders.h[0m
[36m[1m[Codegen][0m Generating RCTModuleProviders.mm[0m
[36m[1m[Codegen][0m Generated artifact: /Users/skypie/AccessMap-deep-audit-20260902/ios/build/generated/ios/RCTModuleProviders.mm[0m
[36m[1m[Codegen][0m Generating RCTAppDependencyProvider[0m
[36m[1m[Codegen][0m Generated artifact: /Users/skypie/AccessMap-deep-audit-20260902/ios/build/generated/ios/RCTAppDependencyProvider.h[0m
[36m[1m[Codegen][0m Generated artifact: /Users/skypie/AccessMap-deep-audit-20260902/ios/build/generated/ios/RCTAppDependencyProvider.mm[0m
[36m[1m[Codegen][0m Generated podspec: /Users/skypie/AccessMap-deep-audit-20260902/ios/build/generated/ios/ReactAppDependencyProvider.podspec[0m
[36m[1m[Codegen][0m Generated podspec: /Users/skypie/AccessMap-deep-audit-20260902/ios/build/generated/ios/ReactCodegen.podspec[0m
[36m[1m[Codegen][0m [33mDone.[0m
Analyzing dependencies
Fetching podspec for `DoubleConversion` from `../node_modules/react-native/third-party-podspecs/DoubleConversion.podspec`
Fetching podspec for `RCT-Folly` from `../node_modules/react-native/third-party-podspecs/RCT-Folly.podspec`
Fetching podspec for `boost` from `../node_modules/react-native/third-party-podspecs/boost.podspec`
Fetching podspec for `fast_float` from `../node_modules/react-native/third-party-podspecs/fast_float.podspec`
Fetching podspec for `fmt` from `../node_modules/react-native/third-party-podspecs/fmt.podspec`
Fetching podspec for `glog` from `../node_modules/react-native/third-party-podspecs/glog.podspec`
Fetching podspec for `hermes-engine` from `../node_modules/react-native/sdks/hermes-engine/hermes-engine.podspec`
[33m[Hermes] Using release tarball from URL: https://repo1.maven.org/maven2/com/facebook/react/react-native-artifacts/0.81.5/react-native-artifacts-0.81.5-hermes-ios-debug.tar.gz[0m
Downloading dependencies
[32mInstalling DoubleConversion (1.1.6)[0m
[32mInstalling EXApplication (7.0.8)[0m
[32mInstalling EXConstants (18.0.13)[0m
[32mInstalling EXImageLoader (6.0.0)[0m
[32mInstalling EXJSONUtils (0.15.0)[0m
[32mInstalling EXManifests (1.0.11)[0m
[32mInstalling EXNotifications (0.32.17)[0m
[32mInstalling EXUpdatesInterface (2.0.0)[0m
[32mInstalling Expo (54.0.35)[0m
[32mInstalling ExpoAsset (12.0.13)[0m
[32mInstalling ExpoBlur (15.0.8)[0m
[32mInstalling ExpoFileSystem (19.0.23)[0m
[32mInstalling ExpoFont (14.0.12)[0m
[32mInstalling ExpoHaptics (15.0.8)[0m
[32mInstalling ExpoImageManipulator (14.0.8)[0m
[32mInstalling ExpoImagePicker (17.0.11)[0m
[32mInstalling ExpoKeepAwake (15.0.8)[0m
[32mInstalling ExpoLinearGradient (15.0.8)[0m
[32mInstalling ExpoLocation (19.0.8)[0m
[32mInstalling ExpoModulesCore (3.0.30)[0m
[32mInstalling FBLazyVector (0.81.5)[0m
[32mInstalling RCT-Folly (2024.11.18.00)[0m
[32mInstalling RCTDeprecation (0.81.5)[0m
[32mInstalling RCTRequired (0.81.5)[0m
[32mInstalling RCTTypeSafety (0.81.5)[0m
[32mInstalling RNCAsyncStorage (2.2.0)[0m
[32mInstalling RNGestureHandler (2.28.0)[0m
[32mInstalling RNSVG (15.12.1)[0m
[32mInstalling RNScreens (4.16.0)[0m
[32mInstalling React (0.81.5)[0m
[32mInstalling React-Core (0.81.5)[0m
[32mInstalling React-CoreModules (0.81.5)[0m
[32mInstalling React-Fabric (0.81.5)[0m
[32mInstalling React-FabricComponents (0.81.5)[0m
[32mInstalling React-FabricImage (0.81.5)[0m
[32mInstalling React-ImageManager (0.81.5)[0m
[32mInstalling React-Mapbuffer (0.81.5)[0m
[32mInstalling React-NativeModulesApple (0.81.5)[0m
[32mInstalling React-RCTActionSheet (0.81.5)[0m
[32mInstalling React-RCTAnimation (0.81.5)[0m
[32mInstalling React-RCTAppDelegate (0.81.5)[0m
[32mInstalling React-RCTBlob (0.81.5)[0m
[32mInstalling React-RCTFBReactNativeSpec (0.81.5)[0m
[32mInstalling React-RCTFabric (0.81.5)[0m
[32mInstalling React-RCTImage (0.81.5)[0m
[32mInstalling React-RCTLinking (0.81.5)[0m
[32mInstalling React-RCTNetwork (0.81.5)[0m
[32mInstalling React-RCTRuntime (0.81.5)[0m
[32mInstalling React-RCTSettings (0.81.5)[0m
[32mInstalling React-RCTText (0.81.5)[0m
[32mInstalling React-RCTVibration (0.81.5)[0m
[32mInstalling React-RuntimeApple (0.81.5)[0m
[32mInstalling React-RuntimeCore (0.81.5)[0m
[32mInstalling React-RuntimeHermes (0.81.5)[0m
[32mInstalling React-callinvoker (0.81.5)[0m
[32mInstalling React-cxxreact (0.81.5)[0m
[32mInstalling React-debug (0.81.5)[0m
[32mInstalling React-defaultsnativemodule (0.81.5)[0m
[32mInstalling React-domnativemodule (0.81.5)[0m
[32mInstalling React-featureflags (0.81.5)[0m
[32mInstalling React-featureflagsnativemodule (0.81.5)[0m
[32mInstalling React-graphics (0.81.5)[0m
[32mInstalling React-hermes (0.81.5)[0m
[32mInstalling React-idlecallbacksnativemodule (0.81.5)[0m
[32mInstalling React-jserrorhandler (0.81.5)[0m
[32mInstalling React-jsi (0.81.5)[0m
[32mInstalling React-jsiexecutor (0.81.5)[0m
[32mInstalling React-jsinspector (0.81.5)[0m
[32mInstalling React-jsinspectorcdp (0.81.5)[0m
[32mInstalling React-jsinspectornetwork (0.81.5)[0m
[32mInstalling React-jsinspectortracing (0.81.5)[0m
[32mInstalling React-jsitooling (0.81.5)[0m
[32mInstalling React-jsitracing (0.81.5)[0m
[32mInstalling React-logger (0.81.5)[0m
[32mInstalling React-microtasksnativemodule (0.81.5)[0m
[32mInstalling React-oscompat (0.81.5)[0m
[32mInstalling React-perflogger (0.81.5)[0m
[32mInstalling React-performancetimeline (0.81.5)[0m
[32mInstalling React-rendererconsistency (0.81.5)[0m
[32mInstalling React-renderercss (0.81.5)[0m
[32mInstalling React-rendererdebug (0.81.5)[0m
[32mInstalling React-runtimeexecutor (0.81.5)[0m
[32mInstalling React-runtimescheduler (0.81.5)[0m
[32mInstalling React-timing (0.81.5)[0m
[32mInstalling React-utils (0.81.5)[0m
[32mInstalling ReactAppDependencyProvider (0.81.5)[0m
[32mInstalling ReactCodegen (0.81.5)[0m
[32mInstalling ReactCommon (0.81.5)[0m
[32mInstalling SDWebImage (5.21.7)[0m
[32mInstalling SDWebImageWebPCoder (0.15.0)[0m
[32mInstalling SocketRocket (0.7.1)[0m
[32mInstalling Yoga (0.0.0)[0m
[32mInstalling boost (1.84.0)[0m
[32mInstalling expo-dev-client (6.0.21)[0m
[32mInstalling expo-dev-launcher (6.0.21)[0m
[32mInstalling expo-dev-menu (7.0.19)[0m
[32mInstalling expo-dev-menu-interface (2.0.0)[0m
[32mInstalling fast_float (8.0.0)[0m
[32mInstalling fmt (11.0.2)[0m
[32mInstalling glog (0.3.5)[0m
[32mInstalling hermes-engine (0.81.5)[0m
[32mInstalling libwebp (1.5.0)[0m
[32mInstalling react-native-maps (1.20.1)[0m
[32mInstalling react-native-safe-area-context (5.6.2)[0m
Generating Pods project
Setting USE_HERMES build settings
Setting REACT_NATIVE_PATH build settings
Setting SWIFT_ACTIVE_COMPILATION_CONDITIONS build settings
[Ccache]: Removing Ccache from CC, LD, CXX & LDPLUSPLUS build settings
[SPM] Cleaning old SPM dependencies from Pods project
[SPM] Adding SPM dependencies to Pods project
[Privacy Manifest Aggregation] Appending aggregated reasons to existing PrivacyInfo.xcprivacy file.
[Privacy Manifest Aggregation] Reading .xcprivacy files to aggregate all used Required Reason APIs.
Setting CLANG_CXX_LANGUAGE_STANDARD to c++20 on /Users/skypie/AccessMap-deep-audit-20260902/ios/Flagstone.xcodeproj

[33m==================== DEPRECATION NOTICE =====================[0m
[33mCalling `pod install` directly is deprecated in React Native[0m
[33mbecause we are moving away from Cocoapods toward alternative[0m
[33msolutions to build the project.[0m
[33m* If you are using Expo, please run:[0m
[33m`npx expo run:ios`[0m
[33m* If you are using the Community CLI, please run:[0m
[33m`yarn ios`[0m
[33m=============================================================[0m

[32mPod install took 13 [s] to run[0m
Integrating client project
[32m
[!] Please close any current Xcode sessions and use `Flagstone.xcworkspace` for this project from now on.[0m
[34m[Expo] [0mInstalling the build script for target [32mFlagstone[0m
[32mPod installation complete! There are 102 dependencies from the Podfile and 104 total pods installed.[0m
[34m[Expo] [0mAdding '[Expo Autolinking] Run Codegen with autolinking' build phase to ReactCodegen
✔ Installed CocoaPods
Unexpected devicectl JSON version output from devicectl. Connecting to physical Apple devices may not work as expected.
› Using --device F6B9246F-2B95-4C5C-BC7F-CDD4D3D1E4DC
Starting Metro Bundler
iOS Bundled 799ms node_modules/expo/AppEntry.js (1494 modules)
Writing bundle output to: /var/folders/mw/t168n0fn6dg8n35vq6c__chr0000gn/T/55lgs8s46x8/main.jsbundle
Copying 24 asset files
Done writing bundle output
› Auto signing app using team(s): S78F8ZA8QU
› Planning build

❌  The iOS Simulator deployment target 'IPHONEOS_DEPLOYMENT_TARGET' is set to 11.0, but the range of supported deployment target versions is 15.0 to 27.0.x. (in target 'react-native-maps-ReactNativeMapsPrivacy' from project 'Pods')



❌  The iOS Simulator deployment target 'IPHONEOS_DEPLOYMENT_TARGET' is set to 12.4, but the range of supported deployment target versions is 15.0 to 27.0.x. (in target 'RNSVG-RNSVGFilters' from project 'Pods')



❌  The iOS Simulator deployment target 'IPHONEOS_DEPLOYMENT_TARGET' is set to 9.0, but the range of supported deployment target versions is 15.0 to 27.0.x. (in target 'SDWebImage-SDWebImage' from project 'Pods')



❌  The iOS Simulator deployment target 'IPHONEOS_DEPLOYMENT_TARGET' is set to 9.0, but the range of supported deployment target versions is 15.0 to 27.0.x. (in target 'RNCAsyncStorage-RNCAsyncStorage_resources' from project 'Pods')



› 4 error(s), and 0 warning(s)

CommandError: Failed to build iOS project. "xcodebuild" exited with error code 65.
